// Vitest Snapshot v1, https://vitest.dev/guide/snapshot.html

exports[`golden anotace nad reálným obsahem > seed 7, 4 hráči, Brody 1`] = `
[
  {
    "anotace": [
      {
        "misto": "okraj",
        "veta": "Na výběr: dvě cesty — typ místa je vidět předem a rozhoduje o tom, jestli projde zbraň.",
      },
    ],
    "seq": 2,
    "typ": "map_move",
  },
  {
    "anotace": [
      {
        "misto": "okraj",
        "veta": "Cesta zvolena: Slepá ulička v Bronxu (člověk) — někdo se ti dívá do rukou — zbraň na očích neprojde.",
      },
    ],
    "seq": 3,
    "typ": "map_move",
  },
  {
    "anotace": [
      {
        "detail": "Commituje se naslepo: telegraf je jediné, co o situaci před commitem víš.",
        "misto": "spis",
        "veta": "Telegraf slibuje tři viditelné role (obrana, improvizace, útok), jedna skrytá role čeká na nejhorší. Zbraň na očích neprojde.",
      },
    ],
    "seq": 4,
    "typ": "telegraf_derived",
  },
  {
    "anotace": [
      {
        "detail": "Chce obranu · viditelná role · Kotva je stálá a naučitelná, šum se dorolí u každé instance zvlášť.",
        "misto": "slot",
        "slot_index": 0,
        "veta": "Držet nervy: kotva 4, šum ±2 — výš než 5 práh nejde.",
      },
      {
        "detail": "Chce improvizaci · viditelná role · Kotva je stálá a naučitelná, šum se dorolí u každé instance zvlášť.",
        "misto": "slot",
        "slot_index": 1,
        "veta": "Zamluvit to: kotva 4, šum ±2 — výš než 5 práh nejde.",
      },
      {
        "detail": "Chce útok · viditelná role · Kotva je stálá a naučitelná, šum se dorolí u každé instance zvlášť.",
        "misto": "slot",
        "slot_index": 2,
        "veta": "Zastrašit gestem: kotva 4, šum ±2 — výš než 5 práh nejde.",
      },
      {
        "detail": "Chce nástroj · skrytá role — telegraf ji hlásil jen počtem · Kotva je stálá a naučitelná, šum se dorolí u každé instance zvlášť.",
        "misto": "slot",
        "slot_index": 3,
        "veta": "Najít skulinu: kotva 2, šum ±2 — přesný práh až po vyhodnocení.",
      },
    ],
    "seq": 6,
    "typ": "situation_revealed",
  },
  {
    "anotace": [
      {
        "detail": "Tažení je naslepo, v ruce zbývalo kusů: 2. Sázka jde jednou za situaci. Tažená věc nevyšla — slot 2.",
        "misto": "spis",
        "veta": "Sázka: místo „Stříbrná placatka" přišel „Dámský revolver" (ruka Vincenc Bartoš).",
      },
    ],
    "seq": 8,
    "typ": "gamble",
  },
  {
    "anotace": [
      {
        "detail": "„Otrlený výraz" — Frank Kowalski · Práh 2 = kotva 4 −2.",
        "misto": "slot",
        "razitko": "PROŠLO",
        "slot_index": 0,
        "veta": "obrana 4 proti prahu 2.",
      },
    ],
    "seq": 10,
    "typ": "slot_resolved",
  },
  {
    "anotace": [
      {
        "detail": "„Dámský revolver" — Vincenc Bartoš · Telegraf to hlásil předem: zbraň na očích tady neprojde. · Práh 5 = kotva 4 +1.",
        "misto": "slot",
        "razitko": "NEPROŠLO",
        "slot_index": 1,
        "veta": "„Dámský revolver" je zbraň ve viditelné roli — padá bez ohledu na staty.",
      },
    ],
    "seq": 11,
    "typ": "slot_resolved",
  },
  {
    "anotace": [
      {
        "detail": "„Lopata" — Vincenc Bartoš · Práh 4 = kotva 4 +2, zastropováno na 4.",
        "misto": "slot",
        "razitko": "NEPROŠLO",
        "slot_index": 2,
        "veta": "Chtělo to útok 4, „Lopata" má 3.",
      },
    ],
    "seq": 12,
    "typ": "slot_resolved",
  },
  {
    "anotace": [
      {
        "detail": "„Dědkův kabát" — Rudolf Mazur · Práh 2 = kotva 2 bez šumu.",
        "misto": "slot",
        "razitko": "PROŠLO",
        "slot_index": 3,
        "veta": "nástroj 3 proti prahu 2.",
      },
    ],
    "seq": 13,
    "typ": "slot_resolved",
  },
  {
    "anotace": [
      {
        "detail": "Z toho, co tým committnul, se líp rozdělit nedalo — tohle bylo nejlepší možné.",
        "misto": "spis",
        "veta": "Pásmo 2/4 — s následky: 2 ze 4 slotů prošly.",
      },
    ],
    "seq": 14,
    "typ": "band_resolved",
  },
  {
    "anotace": [
      {
        "misto": "okraj",
        "veta": "Šerif postoupil o 2 na 2 — zbraň v akci, dokud je aktivní Okresní šerif Brody, štítek Gangster se počítá dvojnásob. Ještě 3 pole k léčky.",
      },
    ],
    "seq": 15,
    "typ": "zar_move",
  },
  {
    "anotace": [
      {
        "misto": "okraj",
        "veta": "Šerif postoupil o 1 na 3 — uzel zvládnutý s následky. Ještě 2 pole k léčky.",
      },
    ],
    "seq": 16,
    "typ": "zar_move",
  },
  {
    "anotace": [
      {
        "detail": "co má štítek Gangster, vlastníkovi ve slotu propadne; vyprší za 3 kola. Aktivních postihů: 1.",
        "misto": "spis",
        "veta": "Za 2/4 — s následky: Vincenc Bartoš — Nervy v hajzlu (lehký, zámkový).",
      },
    ],
    "seq": 17,
    "typ": "penalty_added",
  },
  {
    "anotace": [
      {
        "misto": "okraj",
        "veta": "Zátah: Žár překročil práh, jiná cesta než přes kontrolu není.",
      },
    ],
    "seq": 18,
    "typ": "map_move",
  },
  {
    "anotace": [
      {
        "misto": "okraj",
        "veta": "Cesta zvolena: Zátah na páté silnici (zátah) — jiná cesta není — zbraň projde.",
      },
    ],
    "seq": 19,
    "typ": "map_move",
  },
  {
    "anotace": [
      {
        "detail": "Commituje se naslepo: telegraf je jediné, co o situaci před commitem víš.",
        "misto": "spis",
        "veta": "Telegraf slibuje tři viditelné role (útok, nástroj, improvizace), jedna skrytá role čeká na nejhorší. Zbraň tady projde i na očích.",
      },
    ],
    "seq": 20,
    "typ": "telegraf_derived",
  },
  {
    "anotace": [
      {
        "detail": "Chce útok · viditelná role · Kotva je stálá a naučitelná, šum se dorolí u každé instance zvlášť.",
        "misto": "slot",
        "slot_index": 0,
        "veta": "Prorazit blokádu: kotva 4, šum ±2 — výš než 5 práh nejde.",
      },
      {
        "detail": "Chce nástroj · viditelná role · Kotva je stálá a naučitelná, šum se dorolí u každé instance zvlášť.",
        "misto": "slot",
        "slot_index": 1,
        "veta": "Strhnout do postranní: kotva 4, šum ±2 — výš než 5 práh nejde.",
      },
      {
        "detail": "Chce improvizaci · viditelná role · Kotva je stálá a naučitelná, šum se dorolí u každé instance zvlášť.",
        "misto": "slot",
        "slot_index": 2,
        "veta": "Zmizet v ulicích: kotva 4, šum ±2 — výš než 5 práh nejde.",
      },
      {
        "detail": "Chce obranu · skrytá role — telegraf ji hlásil jen počtem · Kotva je stálá a naučitelná, šum se dorolí u každé instance zvlášť.",
        "misto": "slot",
        "slot_index": 3,
        "veta": "Držet nervy u okna: kotva 3, šum ±2 — přesný práh až po vyhodnocení.",
      },
    ],
    "seq": 22,
    "typ": "situation_revealed",
  },
  {
    "anotace": [
      {
        "detail": "„Mosazný boxer" — Frank Kowalski · Práh 5 = kotva 4 +2, zastropováno na 5.",
        "misto": "slot",
        "razitko": "NEPROŠLO",
        "slot_index": 0,
        "veta": "Chtělo to útok 5, „Mosazný boxer" má 4.",
      },
    ],
    "seq": 25,
    "typ": "slot_resolved",
  },
  {
    "anotace": [
      {
        "detail": "„Svářečka" — Cesare Fontana · Práh 2 = kotva 4 −2.",
        "misto": "slot",
        "razitko": "PROŠLO",
        "slot_index": 1,
        "veta": "nástroj 5 proti prahu 2.",
      },
    ],
    "seq": 26,
    "typ": "slot_resolved",
  },
  {
    "anotace": [
      {
        "detail": "„Kastrol na hlavě" — Vincenc Bartoš · Práh 4 = kotva 4 bez šumu.",
        "misto": "slot",
        "razitko": "NEPROŠLO",
        "slot_index": 2,
        "veta": "Chtělo to improvizaci 4, „Kastrol na hlavě" má 3.",
      },
    ],
    "seq": 27,
    "typ": "slot_resolved",
  },
  {
    "anotace": [
      {
        "detail": "„Pytel cementu" — Rudolf Mazur · Práh 4 = kotva 3 +1.",
        "misto": "slot",
        "razitko": "NEPROŠLO",
        "slot_index": 3,
        "veta": "Chtělo to obranu 4, „Pytel cementu" má 3.",
      },
    ],
    "seq": 28,
    "typ": "slot_resolved",
  },
  {
    "anotace": [
      {
        "detail": "Optimální rozdělení TÉHOŽ commitu by dalo 2/4 (2/4 — s následky) — 1 zásah zůstal na stole.",
        "misto": "spis",
        "veta": "Pásmo ≤1/4 — průšvih: 1 ze 4 slotů prošel. Náklad ztrácí 1 bednu (zbývá 5).",
      },
    ],
    "seq": 29,
    "typ": "band_resolved",
  },
  {
    "anotace": [
      {
        "misto": "okraj",
        "veta": "Šerif postoupil o 1 na 4 — hlučné násilí (vysoký útok). Ještě 1 pole k léčky.",
      },
    ],
    "seq": 30,
    "typ": "zar_move",
  },
  {
    "anotace": [
      {
        "misto": "okraj",
        "veta": "Šerif postoupil o 2 na 6 — průšvih v uzlu. Ještě 2 pole k konfrontace.",
      },
    ],
    "seq": 31,
    "typ": "zar_move",
  },
  {
    "anotace": [
      {
        "detail": "vlastník vidí názvy věcí, ne jejich staty; drží do vyléčení v motelu. Aktivních postihů: 1.",
        "misto": "spis",
        "veta": "Za ≤1/4 — průšvih: Frank Kowalski — Otřes mozku (těžký, informační).",
      },
    ],
    "seq": 32,
    "typ": "penalty_added",
  },
  {
    "anotace": [
      {
        "detail": "Commituje se naslepo: telegraf je jediné, co o situaci před commitem víš.",
        "misto": "spis",
        "veta": "Telegraf slibuje tři viditelné role (improvizace, hodnota, obrana), jedna skrytá role čeká na nejhorší. Zbraň na očích neprojde. Ve skryté roli se ale zbraň vyplatí.",
      },
    ],
    "seq": 33,
    "typ": "telegraf_derived",
  },
  {
    "anotace": [
      {
        "detail": "Chce improvizaci · viditelná role · Kotva je stálá a naučitelná, šum se dorolí u každé instance zvlášť.",
        "misto": "slot",
        "slot_index": 0,
        "veta": "Uklidnit dav: kotva 4, šum ±2 — výš než 5 práh nejde.",
      },
      {
        "detail": "Chce hodnotu · viditelná role · Kotva je stálá a naučitelná, šum se dorolí u každé instance zvlášť.",
        "misto": "slot",
        "slot_index": 1,
        "veta": "Přimazat dlaň: kotva 4, šum ±2 — výš než 5 práh nejde.",
      },
      {
        "detail": "Chce obranu · viditelná role · Kotva je stálá a naučitelná, šum se dorolí u každé instance zvlášť.",
        "misto": "slot",
        "slot_index": 2,
        "veta": "Kamenná tvář: kotva 3, šum ±2 — přesný práh až po vyhodnocení.",
      },
      {
        "detail": "Chce útok · skrytá role — telegraf ji hlásil jen počtem · Kotva je stálá a naučitelná, šum se dorolí u každé instance zvlášť.",
        "misto": "slot",
        "slot_index": 3,
        "veta": "Kdyby padl výstřel: kotva 3, šum ±2 — přesný práh až po vyhodnocení.",
      },
    ],
    "seq": 35,
    "typ": "situation_revealed",
  },
  {
    "anotace": [
      {
        "detail": "„Kněžský kolárek" — Frank Kowalski · Práh 5 = kotva 4 +2, zastropováno na 5.",
        "misto": "slot",
        "razitko": "NEPROŠLO",
        "slot_index": 0,
        "veta": "Chtělo to improvizaci 5, „Kněžský kolárek" má 4.",
      },
    ],
    "seq": 38,
    "typ": "slot_resolved",
  },
  {
    "anotace": [
      {
        "detail": "„Zlaté hodinky" — Rudolf Mazur · Práh 5 = kotva 4 +2, zastropováno na 5.",
        "misto": "slot",
        "razitko": "PROŠLO",
        "slot_index": 1,
        "veta": "hodnota 5 proti prahu 5.",
      },
    ],
    "seq": 39,
    "typ": "slot_resolved",
  },
  {
    "anotace": [
      {
        "detail": "„Pytel brambor" — Vincenc Bartoš · Práh 3 = kotva 3 bez šumu.",
        "misto": "slot",
        "razitko": "PROŠLO",
        "slot_index": 2,
        "veta": "obrana 4 proti prahu 3.",
      },
    ],
    "seq": 40,
    "typ": "slot_resolved",
  },
  {
    "anotace": [
      {
        "detail": "„Slzy na povel" — Cesare Fontana · Práh 5 = kotva 3 +2.",
        "misto": "slot",
        "razitko": "NEPROŠLO",
        "slot_index": 3,
        "veta": "Chtělo to útok 5, „Slzy na povel" má 0.",
      },
    ],
    "seq": 41,
    "typ": "slot_resolved",
  },
  {
    "anotace": [
      {
        "detail": "Z toho, co tým committnul, se líp rozdělit nedalo — tohle bylo nejlepší možné.",
        "misto": "spis",
        "veta": "Pásmo 2/4 — s následky: 2 ze 4 slotů prošly.",
      },
    ],
    "seq": 42,
    "typ": "band_resolved",
  },
  {
    "anotace": [
      {
        "misto": "okraj",
        "veta": "Šerif postoupil o 1 na 7 — uzel zvládnutý s následky. Ještě 1 pole k konfrontace.",
      },
    ],
    "seq": 43,
    "typ": "zar_move",
  },
  {
    "anotace": [
      {
        "detail": "týmu ubyla 1 bedna nákladu; jednorázově. Aktivních postihů: 0.",
        "misto": "spis",
        "veta": "Za 2/4 — s následky: Cesare Fontana — Vysypaná bedna (lehký, ztrátový).",
      },
    ],
    "seq": 44,
    "typ": "penalty_added",
  },
  {
    "anotace": [
      {
        "misto": "spis",
        "veta": "Postih „Nervy v hajzlu" (Vincenc Bartoš) vypršel.",
      },
    ],
    "seq": 45,
    "typ": "penalty_expired",
  },
  {
    "anotace": [
      {
        "misto": "okraj",
        "veta": "Na výběr: dvě cesty — typ místa je vidět předem a rozhoduje o tom, jestli projde zbraň.",
      },
    ],
    "seq": 46,
    "typ": "map_move",
  },
  {
    "anotace": [
      {
        "misto": "okraj",
        "veta": "Cesta zvolena: nález — situace se neřeší — něco se jen najde.",
      },
    ],
    "seq": 47,
    "typ": "map_move",
  },
  {
    "anotace": [
      {
        "misto": "okraj",
        "veta": "Kredity +6 (nález v truhle), zůstatek 6.",
      },
    ],
    "seq": 48,
    "typ": "credit_flow",
  },
  {
    "anotace": [
      {
        "misto": "okraj",
        "veta": "Tým zajel do motelu — léčení a směna stojí kredity, čas neběží.",
      },
    ],
    "seq": 49,
    "typ": "map_move",
  },
  {
    "anotace": [
      {
        "misto": "okraj",
        "veta": "Kredity −6 (léčení v motelu), zůstatek 0.",
      },
    ],
    "seq": 50,
    "typ": "credit_flow",
  },
  {
    "anotace": [
      {
        "detail": "Těžké postihy se jinak než v motelu nezbavíš — složení maže jen lehké.",
        "misto": "spis",
        "veta": "Postih „Otřes mozku" (Frank Kowalski) vyléčen v motelu za 6 kreditů.",
      },
    ],
    "seq": 51,
    "typ": "penalty_healed",
  },
  {
    "anotace": [
      {
        "misto": "okraj",
        "veta": "Na výběr: dvě cesty — typ místa je vidět předem a rozhoduje o tom, jestli projde zbraň.",
      },
    ],
    "seq": 52,
    "typ": "map_move",
  },
  {
    "anotace": [
      {
        "misto": "okraj",
        "veta": "Cesta zvolena: Statkářova stodola (lokace) — nikdo tě nešpehuje — zbraň projde i na očích.",
      },
    ],
    "seq": 53,
    "typ": "map_move",
  },
  {
    "anotace": [
      {
        "detail": "Commituje se naslepo: telegraf je jediné, co o situaci před commitem víš.",
        "misto": "spis",
        "veta": "Telegraf slibuje tři viditelné role (improvizace, nástroj + improvizace, nástroj), jedna skrytá role čeká na nejhorší. Zbraň tady projde i na očích.",
      },
    ],
    "seq": 54,
    "typ": "telegraf_derived",
  },
  {
    "anotace": [
      {
        "detail": "Chce improvizaci · viditelná role · Kotva je stálá a naučitelná, šum se dorolí u každé instance zvlášť.",
        "misto": "slot",
        "slot_index": 0,
        "veta": "Utišit psy: kotva 4, šum ±2 — výš než 5 práh nejde.",
      },
      {
        "detail": "Chce nástroj a improvizaci (OBA staty) · viditelná role · Kotva je stálá a naučitelná, šum se dorolí u každé instance zvlášť.",
        "misto": "slot",
        "slot_index": 1,
        "veta": "Zaklínit vrata: kotva 3, šum ±2 — přesný práh až po vyhodnocení.",
      },
      {
        "detail": "Chce nástroj · viditelná role · Kotva je stálá a naučitelná, šum se dorolí u každé instance zvlášť.",
        "misto": "slot",
        "slot_index": 2,
        "veta": "Schovat bednu do sena: kotva 4, šum ±2 — výš než 5 práh nejde.",
      },
      {
        "detail": "Chce obranu · skrytá role — telegraf ji hlásil jen počtem · Kotva je stálá a naučitelná, šum se dorolí u každé instance zvlášť.",
        "misto": "slot",
        "slot_index": 3,
        "veta": "Nedýchat, když jde kolem: kotva 2, šum ±2 — přesný práh až po vyhodnocení.",
      },
    ],
    "seq": 56,
    "typ": "situation_revealed",
  },
  {
    "anotace": [
      {
        "detail": "Tažení je naslepo, v ruce zbývalo kusů: 3. Sázka jde jednou za situaci. Tažená věc nevyšla — slot 2.",
        "misto": "spis",
        "veta": "Sázka: místo „Gumový váček" přišel „Balík bankovek" (ruka Vincenc Bartoš).",
      },
    ],
    "seq": 58,
    "typ": "gamble",
  },
  {
    "anotace": [
      {
        "detail": "„Konšelův prsten" — Frank Kowalski · Práh 3 = kotva 4 −1.",
        "misto": "slot",
        "razitko": "NEPROŠLO",
        "slot_index": 0,
        "veta": "Chtělo to improvizaci 3, „Konšelův prsten" má 1.",
      },
    ],
    "seq": 60,
    "typ": "slot_resolved",
  },
  {
    "anotace": [
      {
        "detail": "„Balík bankovek" — Vincenc Bartoš · Práh 2 = kotva 3 −1.",
        "misto": "slot",
        "razitko": "NEPROŠLO",
        "slot_index": 1,
        "veta": "Kombi slot chce OBA staty nad práh 2: „Balík bankovek" má nástroj 0, improvizace 1.",
      },
    ],
    "seq": 61,
    "typ": "slot_resolved",
  },
  {
    "anotace": [
      {
        "detail": "„Petrolejová lampa" — Rudolf Mazur · Práh 2 = kotva 4 −2.",
        "misto": "slot",
        "razitko": "PROŠLO",
        "slot_index": 2,
        "veta": "nástroj 3 proti prahu 2.",
      },
    ],
    "seq": 62,
    "typ": "slot_resolved",
  },
  {
    "anotace": [
      {
        "detail": "„Kožená zástěra" — Vincenc Bartoš · Práh 0 = kotva 2 −2.",
        "misto": "slot",
        "razitko": "PROŠLO",
        "slot_index": 3,
        "veta": "obrana 4 proti prahu 0.",
      },
    ],
    "seq": 63,
    "typ": "slot_resolved",
  },
  {
    "anotace": [
      {
        "detail": "Optimální rozdělení TÉHOŽ commitu by dalo 3/4 (3/4 — hladce) — 1 zásah zůstal na stole.",
        "misto": "spis",
        "veta": "Pásmo 2/4 — s následky: 2 ze 4 slotů prošly.",
      },
    ],
    "seq": 64,
    "typ": "band_resolved",
  },
  {
    "anotace": [
      {
        "misto": "okraj",
        "veta": "Šerif postoupil o 1 na 8 — uzel zvládnutý s následky.",
      },
    ],
    "seq": 65,
    "typ": "zar_move",
  },
  {
    "anotace": [
      {
        "detail": "co má štítek Gangster, vlastníkovi ve slotu propadne; vyprší za 3 kola. Aktivních postihů: 1.",
        "misto": "spis",
        "veta": "Za 2/4 — s následky: Frank Kowalski — Nervy v hajzlu (lehký, zámkový).",
      },
    ],
    "seq": 66,
    "typ": "penalty_added",
  },
  {
    "anotace": [
      {
        "detail": "Commituje se naslepo: telegraf je jediné, co o situaci před commitem víš.",
        "misto": "spis",
        "veta": "Telegraf slibuje tři viditelné role (útok, nástroj, improvizace), jedna skrytá role čeká na nejhorší. Zbraň tady projde i na očích.",
      },
    ],
    "seq": 67,
    "typ": "telegraf_derived",
  },
  {
    "anotace": [
      {
        "detail": "Chce útok · viditelná role · Kotva je stálá a naučitelná, šum se dorolí u každé instance zvlášť.",
        "misto": "slot",
        "slot_index": 0,
        "veta": "Probít se vpřed: kotva 4, šum ±2 — výš než 5 práh nejde.",
      },
      {
        "detail": "Chce nástroj · viditelná role · Kotva je stálá a naučitelná, šum se dorolí u každé instance zvlášť.",
        "misto": "slot",
        "slot_index": 1,
        "veta": "Najít, kudy ujet: kotva 4, šum ±2 — výš než 5 práh nejde.",
      },
      {
        "detail": "Chce improvizaci · viditelná role · Kotva je stálá a naučitelná, šum se dorolí u každé instance zvlášť.",
        "misto": "slot",
        "slot_index": 2,
        "veta": "Kličkovat mezi vozy: kotva 4, šum ±2 — výš než 5 práh nejde.",
      },
      {
        "detail": "Chce obranu · skrytá role — telegraf ji hlásil jen počtem · Kotva je stálá a naučitelná, šum se dorolí u každé instance zvlášť.",
        "misto": "slot",
        "slot_index": 3,
        "veta": "Vydržet nápor: kotva 2, šum ±2 — přesný práh až po vyhodnocení.",
      },
    ],
    "seq": 69,
    "typ": "situation_revealed",
  },
  {
    "anotace": [
      {
        "detail": "„Sekáček na led" — Frank Kowalski · Práh 5 = kotva 4 +1.",
        "misto": "slot",
        "razitko": "NEPROŠLO",
        "slot_index": 0,
        "veta": "Chtělo to útok 5, „Sekáček na led" má 4.",
      },
    ],
    "seq": 72,
    "typ": "slot_resolved",
  },
  {
    "anotace": [
      {
        "detail": "„Zednická lžíce" — Cesare Fontana · Práh 2 = kotva 4 −2.",
        "misto": "slot",
        "razitko": "PROŠLO",
        "slot_index": 1,
        "veta": "nástroj 4 proti prahu 2.",
      },
    ],
    "seq": 73,
    "typ": "slot_resolved",
  },
  {
    "anotace": [
      {
        "detail": "„Hovězí vývar" — Vincenc Bartoš · Práh 5 = kotva 4 +1.",
        "misto": "slot",
        "razitko": "NEPROŠLO",
        "slot_index": 2,
        "veta": "Chtělo to improvizaci 5, „Hovězí vývar" má 4.",
      },
    ],
    "seq": 74,
    "typ": "slot_resolved",
  },
  {
    "anotace": [
      {
        "detail": "„Bedna kanadské" — Rudolf Mazur · Práh 2 = kotva 2 bez šumu.",
        "misto": "slot",
        "razitko": "NEPROŠLO",
        "slot_index": 3,
        "veta": "Chtělo to obranu 2, „Bedna kanadské" má 1.",
      },
    ],
    "seq": 75,
    "typ": "slot_resolved",
  },
  {
    "anotace": [
      {
        "detail": "Optimální rozdělení TÉHOŽ commitu by dalo 2/4 (2/4 — s následky) — 1 zásah zůstal na stole.",
        "misto": "spis",
        "veta": "Pásmo ≤1/4 — průšvih: 1 ze 4 slotů prošel. Náklad ztrácí 1 bednu (zbývá 3).",
      },
    ],
    "seq": 76,
    "typ": "band_resolved",
  },
  {
    "anotace": [
      {
        "misto": "okraj",
        "veta": "Šerif postoupil o 1 na 9 — hlučné násilí (vysoký útok).",
      },
    ],
    "seq": 77,
    "typ": "zar_move",
  },
  {
    "anotace": [
      {
        "misto": "okraj",
        "veta": "Šerif postoupil o 1 na 10 — průšvih v uzlu.",
      },
    ],
    "seq": 78,
    "typ": "zar_move",
  },
  {
    "anotace": [
      {
        "detail": "vlastník vidí názvy věcí, ne jejich staty; drží do vyléčení v motelu. Aktivních postihů: 2.",
        "misto": "spis",
        "veta": "Za ≤1/4 — průšvih: Frank Kowalski — Otřes mozku (těžký, informační).",
      },
    ],
    "seq": 79,
    "typ": "penalty_added",
  },
  {
    "anotace": [
      {
        "detail": "Sloty 2 splnil / 5 propadl · postihy 1 · gamble 2× · složen 0× · ztracené bedny 2 · doručeno: ne.",
        "misto": "spis",
        "veta": "Tajný cíl Vincenc Bartoš: Projeď celou cestu bez jediného vážného zranění — ať tě polda nemá kam zapsat. — nesplněn.",
      },
    ],
    "seq": 80,
    "typ": "goal_scored",
  },
  {
    "anotace": [
      {
        "detail": "Sloty 1 splnil / 4 propadl · postihy 3 · gamble 0× · složen 0× · ztracené bedny 2 · doručeno: ne.",
        "misto": "spis",
        "veta": "Tajný cíl Frank Kowalski: Kupecké slovo platí: ani jedna bedna nesmí padnout tvou vinou — a stejně dojedeš. — nesplněn.",
      },
    ],
    "seq": 81,
    "typ": "goal_scored",
  },
  {
    "anotace": [
      {
        "detail": "Sloty 3 splnil / 2 propadl · postihy 0 · gamble 0× · složen 0× · ztracené bedny 2 · doručeno: ne.",
        "misto": "spis",
        "veta": "Tajný cíl Rudolf Mazur: Ať je z protokolu znát, že to byla tvoje věc, co aspoň třikrát rozhodlo. — SPLNĚN.",
      },
    ],
    "seq": 82,
    "typ": "goal_scored",
  },
  {
    "anotace": [
      {
        "detail": "Sloty 2 splnil / 1 propadl · postihy 1 · gamble 0× · složen 0× · ztracené bedny 1 · doručeno: ne.",
        "misto": "spis",
        "veta": "Tajný cíl Cesare Fontana: Do New Yorku dorazíš aspoň se dvěma šrámy na těle — a bednu přesto složíš. — nesplněn.",
      },
    ],
    "seq": 83,
    "typ": "goal_scored",
  },
  {
    "anotace": [
      {
        "detail": "Uzlů 4 · zbývá beden 3 · konečný Žár 10 · kredity 0.",
        "misto": "spis",
        "veta": "Spis se uzavírá: NEVYŘEŠENO — prohraná konfrontace s pronásledovatelem.",
      },
    ],
    "seq": 84,
    "typ": "run_ended",
  },
]
`;

exports[`golden anotace nad reálným obsahem > seed 42, 1 hráč, Malone 1`] = `
[
  {
    "anotace": [
      {
        "misto": "okraj",
        "veta": "Na výběr: dvě cesty — typ místa je vidět předem a rozhoduje o tom, jestli projde zbraň.",
      },
    ],
    "seq": 2,
    "typ": "map_move",
  },
  {
    "anotace": [
      {
        "misto": "okraj",
        "veta": "Cesta zvolena: Zátaras u Verony (člověk) — někdo se ti dívá do rukou — zbraň na očích neprojde.",
      },
    ],
    "seq": 3,
    "typ": "map_move",
  },
  {
    "anotace": [
      {
        "detail": "Commituje se naslepo: telegraf je jediné, co o situaci před commitem víš.",
        "misto": "spis",
        "veta": "Telegraf slibuje tři viditelné role (útok, obrana, improvizace), jedna skrytá role čeká na nejhorší. Zbraň na očích neprojde. Ve skryté roli se ale zbraň vyplatí.",
      },
    ],
    "seq": 4,
    "typ": "telegraf_derived",
  },
  {
    "anotace": [
      {
        "detail": "Chce útok · viditelná role · Kotva je stálá a naučitelná, šum se dorolí u každé instance zvlášť.",
        "misto": "slot",
        "slot_index": 0,
        "veta": "Postavit se jim: kotva 4, šum ±2 — výš než 5 práh nejde.",
      },
      {
        "detail": "Chce obranu · viditelná role · Kotva je stálá a naučitelná, šum se dorolí u každé instance zvlášť.",
        "misto": "slot",
        "slot_index": 1,
        "veta": "Ustát nápor: kotva 4, šum ±2 — výš než 5 práh nejde.",
      },
      {
        "detail": "Chce improvizaci · viditelná role · Kotva je stálá a naučitelná, šum se dorolí u každé instance zvlášť.",
        "misto": "slot",
        "slot_index": 2,
        "veta": "Vyklouznout stranou: kotva 4, šum ±2 — výš než 5 práh nejde.",
      },
      {
        "detail": "Chce útok · skrytá role — telegraf ji hlásil jen počtem · Kotva je stálá a naučitelná, šum se dorolí u každé instance zvlášť.",
        "misto": "slot",
        "slot_index": 3,
        "veta": "Tasit včas a první: kotva 3, šum ±2 — přesný práh až po vyhodnocení.",
      },
    ],
    "seq": 6,
    "typ": "situation_revealed",
  },
  {
    "anotace": [
      {
        "detail": "„Svářečka" — Vincenc Bartoš · Práh 2 = kotva 4 −2.",
        "misto": "slot",
        "razitko": "NEPROŠLO",
        "slot_index": 0,
        "veta": "Chtělo to útok 2, „Svářečka" má 1.",
      },
    ],
    "seq": 9,
    "typ": "slot_resolved",
  },
  {
    "anotace": [
      {
        "detail": "„Plechová vesta" — Vincenc Bartoš · Práh 2 = kotva 4 −2.",
        "misto": "slot",
        "razitko": "PROŠLO",
        "slot_index": 1,
        "veta": "obrana 5 proti prahu 2.",
      },
    ],
    "seq": 10,
    "typ": "slot_resolved",
  },
  {
    "anotace": [
      {
        "detail": "„Banánový kanón" — Vincenc Bartoš · Práh 2 = kotva 4 −2.",
        "misto": "slot",
        "razitko": "PROŠLO",
        "slot_index": 2,
        "veta": "improvizace 4 proti prahu 2.",
      },
    ],
    "seq": 11,
    "typ": "slot_resolved",
  },
  {
    "anotace": [
      {
        "detail": "„Sekáček na led" — Vincenc Bartoš · Práh 2 = kotva 3 −1.",
        "misto": "slot",
        "razitko": "PROŠLO",
        "slot_index": 3,
        "veta": "útok 4 proti prahu 2.",
      },
    ],
    "seq": 12,
    "typ": "slot_resolved",
  },
  {
    "anotace": [
      {
        "detail": "Z toho, co tým committnul, se líp rozdělit nedalo — tohle bylo nejlepší možné.",
        "misto": "spis",
        "veta": "Pásmo 3/4 — hladce: 3 ze 4 slotů prošly.",
      },
    ],
    "seq": 13,
    "typ": "band_resolved",
  },
  {
    "anotace": [
      {
        "misto": "okraj",
        "veta": "Šerif postoupil o 1 na 1 — hlučné násilí (vysoký útok). Ještě 3 pole k Zátahu.",
      },
    ],
    "seq": 14,
    "typ": "zar_move",
  },
  {
    "anotace": [
      {
        "misto": "okraj",
        "veta": "Kredity +2 (zvládnutý uzel 3 ze 4), zůstatek 2.",
      },
    ],
    "seq": 15,
    "typ": "credit_flow",
  },
  {
    "anotace": [
      {
        "misto": "okraj",
        "veta": "Na výběr: dvě cesty — typ místa je vidět předem a rozhoduje o tom, jestli projde zbraň.",
      },
    ],
    "seq": 16,
    "typ": "map_move",
  },
  {
    "anotace": [
      {
        "misto": "okraj",
        "veta": "Cesta zvolena: Přívoz přes Hudson (člověk) — někdo se ti dívá do rukou — zbraň na očích neprojde.",
      },
    ],
    "seq": 17,
    "typ": "map_move",
  },
  {
    "anotace": [
      {
        "detail": "Commituje se naslepo: telegraf je jediné, co o situaci před commitem víš.",
        "misto": "spis",
        "veta": "Telegraf slibuje tři viditelné role (improvizace, nástroj, hodnota), jedna skrytá role čeká na nejhorší. Zbraň na očích neprojde. Ve skryté roli se ale zbraň vyplatí.",
      },
    ],
    "seq": 18,
    "typ": "telegraf_derived",
  },
  {
    "anotace": [
      {
        "detail": "Chce improvizaci · viditelná role · Kotva je stálá a naučitelná, šum se dorolí u každé instance zvlášť.",
        "misto": "slot",
        "slot_index": 0,
        "veta": "Zamotat hlavu: kotva 4, šum ±2 — výš než 5 práh nejde.",
      },
      {
        "detail": "Chce nástroj · viditelná role · Kotva je stálá a naučitelná, šum se dorolí u každé instance zvlášť.",
        "misto": "slot",
        "slot_index": 1,
        "veta": "Přesunout z očí: kotva 3, šum ±2 — přesný práh až po vyhodnocení.",
      },
      {
        "detail": "Chce hodnotu · viditelná role · Kotva je stálá a naučitelná, šum se dorolí u každé instance zvlášť.",
        "misto": "slot",
        "slot_index": 2,
        "veta": "Přilepšit do dlaně: kotva 3, šum ±2 — přesný práh až po vyhodnocení.",
      },
      {
        "detail": "Chce útok · skrytá role — telegraf ji hlásil jen počtem · Kotva je stálá a naučitelná, šum se dorolí u každé instance zvlášť.",
        "misto": "slot",
        "slot_index": 3,
        "veta": "Kdyby čenichal dál: kotva 3, šum ±2 — přesný práh až po vyhodnocení.",
      },
    ],
    "seq": 20,
    "typ": "situation_revealed",
  },
  {
    "anotace": [
      {
        "detail": "„Konev na mléko" — Vincenc Bartoš · Práh 5 = kotva 4 +2, zastropováno na 5.",
        "misto": "slot",
        "razitko": "NEPROŠLO",
        "slot_index": 0,
        "veta": "Chtělo to improvizaci 5, „Konev na mléko" má 4.",
      },
    ],
    "seq": 23,
    "typ": "slot_resolved",
  },
  {
    "anotace": [
      {
        "detail": "„Starý kompas" — Vincenc Bartoš · Práh 3 = kotva 3 bez šumu.",
        "misto": "slot",
        "razitko": "PROŠLO",
        "slot_index": 1,
        "veta": "nástroj 3 proti prahu 3.",
      },
    ],
    "seq": 24,
    "typ": "slot_resolved",
  },
  {
    "anotace": [
      {
        "detail": "„Zlaté hodinky" — Vincenc Bartoš · Práh 5 = kotva 3 +2.",
        "misto": "slot",
        "razitko": "PROŠLO",
        "slot_index": 2,
        "veta": "hodnota 5 proti prahu 5.",
      },
    ],
    "seq": 25,
    "typ": "slot_resolved",
  },
  {
    "anotace": [
      {
        "detail": "„Pytel cementu" — Vincenc Bartoš · Práh 3 = kotva 3 bez šumu.",
        "misto": "slot",
        "razitko": "PROŠLO",
        "slot_index": 3,
        "veta": "útok 3 proti prahu 3.",
      },
    ],
    "seq": 26,
    "typ": "slot_resolved",
  },
  {
    "anotace": [
      {
        "detail": "Z toho, co tým committnul, se líp rozdělit nedalo — tohle bylo nejlepší možné.",
        "misto": "spis",
        "veta": "Pásmo 3/4 — hladce: 3 ze 4 slotů prošly.",
      },
    ],
    "seq": 27,
    "typ": "band_resolved",
  },
  {
    "anotace": [
      {
        "misto": "okraj",
        "veta": "Kredity +2 (zvládnutý uzel 3 ze 4), zůstatek 4.",
      },
    ],
    "seq": 28,
    "typ": "credit_flow",
  },
  {
    "anotace": [
      {
        "misto": "okraj",
        "veta": "Na výběr: dvě cesty — typ místa je vidět předem a rozhoduje o tom, jestli projde zbraň.",
      },
    ],
    "seq": 29,
    "typ": "map_move",
  },
  {
    "anotace": [
      {
        "misto": "okraj",
        "veta": "Cesta zvolena: nález — situace se neřeší — něco se jen najde.",
      },
    ],
    "seq": 30,
    "typ": "map_move",
  },
  {
    "anotace": [
      {
        "misto": "okraj",
        "veta": "Kredity +5 (nález v truhle), zůstatek 9.",
      },
    ],
    "seq": 31,
    "typ": "credit_flow",
  },
  {
    "anotace": [
      {
        "misto": "okraj",
        "veta": "Tým zajel do motelu — léčení a směna stojí kredity, čas neběží.",
      },
    ],
    "seq": 32,
    "typ": "map_move",
  },
  {
    "anotace": [
      {
        "misto": "okraj",
        "veta": "Kredity −3 (směna věci v motelu), zůstatek 6.",
      },
    ],
    "seq": 33,
    "typ": "credit_flow",
  },
  {
    "anotace": [
      {
        "misto": "okraj",
        "veta": "Na výběr: dvě cesty — typ místa je vidět předem a rozhoduje o tom, jestli projde zbraň.",
      },
    ],
    "seq": 34,
    "typ": "map_move",
  },
  {
    "anotace": [
      {
        "misto": "okraj",
        "veta": "Cesta zvolena: Farmářův brod (člověk) — někdo se ti dívá do rukou — zbraň na očích neprojde.",
      },
    ],
    "seq": 35,
    "typ": "map_move",
  },
  {
    "anotace": [
      {
        "detail": "Commituje se naslepo: telegraf je jediné, co o situaci před commitem víš.",
        "misto": "spis",
        "veta": "Telegraf slibuje tři viditelné role (hodnota, obrana, nástroj), jedna skrytá role čeká na nejhorší. Zbraň na očích neprojde. Ve skryté roli se ale zbraň vyplatí.",
      },
    ],
    "seq": 36,
    "typ": "telegraf_derived",
  },
  {
    "anotace": [
      {
        "detail": "Chce hodnotu · viditelná role · Kotva je stálá a naučitelná, šum se dorolí u každé instance zvlášť.",
        "misto": "slot",
        "slot_index": 0,
        "veta": "Zaplatit za vytažení: kotva 4, šum ±2 — výš než 5 práh nejde.",
      },
      {
        "detail": "Chce obranu · viditelná role · Kotva je stálá a naučitelná, šum se dorolí u každé instance zvlášť.",
        "misto": "slot",
        "slot_index": 1,
        "veta": "Nezvednout hlas: kotva 3, šum ±2 — přesný práh až po vyhodnocení.",
      },
      {
        "detail": "Chce nástroj · viditelná role · Kotva je stálá a naučitelná, šum se dorolí u každé instance zvlášť.",
        "misto": "slot",
        "slot_index": 2,
        "veta": "Zapřáhnout a táhnout: kotva 3, šum ±2 — přesný práh až po vyhodnocení.",
      },
      {
        "detail": "Chce útok · skrytá role — telegraf ji hlásil jen počtem · Kotva je stálá a naučitelná, šum se dorolí u každé instance zvlášť.",
        "misto": "slot",
        "slot_index": 3,
        "veta": "Kdyby začal vyvádět: kotva 3, šum ±2 — přesný práh až po vyhodnocení.",
      },
    ],
    "seq": 38,
    "typ": "situation_revealed",
  },
  {
    "anotace": [
      {
        "detail": "„Konšelův prsten" — Vincenc Bartoš · Práh 2 = kotva 4 −2.",
        "misto": "slot",
        "razitko": "PROŠLO",
        "slot_index": 0,
        "veta": "hodnota 5 proti prahu 2.",
      },
    ],
    "seq": 41,
    "typ": "slot_resolved",
  },
  {
    "anotace": [
      {
        "detail": "„Pytel brambor" — Vincenc Bartoš · Práh 4 = kotva 3 +1.",
        "misto": "slot",
        "razitko": "PROŠLO",
        "slot_index": 1,
        "veta": "obrana 4 proti prahu 4.",
      },
    ],
    "seq": 42,
    "typ": "slot_resolved",
  },
  {
    "anotace": [
      {
        "detail": "„Lopata" — Vincenc Bartoš · Práh 2 = kotva 3 −1.",
        "misto": "slot",
        "razitko": "PROŠLO",
        "slot_index": 2,
        "veta": "nástroj 4 proti prahu 2.",
      },
    ],
    "seq": 43,
    "typ": "slot_resolved",
  },
  {
    "anotace": [
      {
        "detail": "„Řeznický hák" — Vincenc Bartoš · Práh 4 = kotva 3 +1.",
        "misto": "slot",
        "razitko": "PROŠLO",
        "slot_index": 3,
        "veta": "útok 4 proti prahu 4.",
      },
    ],
    "seq": 44,
    "typ": "slot_resolved",
  },
  {
    "anotace": [
      {
        "detail": "Z toho, co tým committnul, se líp rozdělit nedalo — tohle bylo nejlepší možné.",
        "misto": "spis",
        "veta": "Pásmo 4/4 — hladce, ještě se něco našlo: 4 ze 4 slotů prošly.",
      },
    ],
    "seq": 45,
    "typ": "band_resolved",
  },
  {
    "anotace": [
      {
        "misto": "okraj",
        "veta": "Šerif postoupil o 1 na 2 — hlučné násilí (vysoký útok). Ještě 2 pole k Zátahu.",
      },
    ],
    "seq": 46,
    "typ": "zar_move",
  },
  {
    "anotace": [
      {
        "misto": "okraj",
        "veta": "Kredity +3 (čistá práce 4 ze 4), zůstatek 9.",
      },
    ],
    "seq": 47,
    "typ": "credit_flow",
  },
  {
    "anotace": [
      {
        "misto": "okraj",
        "veta": "Na výběr: dvě cesty — typ místa je vidět předem a rozhoduje o tom, jestli projde zbraň.",
      },
    ],
    "seq": 48,
    "typ": "map_move",
  },
  {
    "anotace": [
      {
        "misto": "okraj",
        "veta": "Cesta zvolena: Mýtnice za Batavií (člověk) — někdo se ti dívá do rukou — zbraň na očích neprojde.",
      },
    ],
    "seq": 49,
    "typ": "map_move",
  },
  {
    "anotace": [
      {
        "detail": "Commituje se naslepo: telegraf je jediné, co o situaci před commitem víš.",
        "misto": "spis",
        "veta": "Telegraf slibuje tři viditelné role (hodnota, improvizace, obrana), jedna skrytá role čeká na nejhorší. Zbraň na očích neprojde. Ve skryté roli se ale zbraň vyplatí.",
      },
    ],
    "seq": 50,
    "typ": "telegraf_derived",
  },
  {
    "anotace": [
      {
        "detail": "Chce hodnotu · viditelná role · Kotva je stálá a naučitelná, šum se dorolí u každé instance zvlášť.",
        "misto": "slot",
        "slot_index": 0,
        "veta": "Silniční poplatek: kotva 3, šum ±2 — přesný práh až po vyhodnocení.",
      },
      {
        "detail": "Chce improvizaci · viditelná role · Kotva je stálá a naučitelná, šum se dorolí u každé instance zvlášť.",
        "misto": "slot",
        "slot_index": 1,
        "veta": "Zamluvit to: kotva 4, šum ±2 — výš než 5 práh nejde.",
      },
      {
        "detail": "Chce obranu · viditelná role · Kotva je stálá a naučitelná, šum se dorolí u každé instance zvlášť.",
        "misto": "slot",
        "slot_index": 2,
        "veta": "Klidná tvář: kotva 2, šum ±2 — přesný práh až po vyhodnocení.",
      },
      {
        "detail": "Chce útok · skrytá role — telegraf ji hlásil jen počtem · Kotva je stálá a naučitelná, šum se dorolí u každé instance zvlášť.",
        "misto": "slot",
        "slot_index": 3,
        "veta": "Kdyby přituhlo: kotva 3, šum ±2 — přesný práh až po vyhodnocení.",
      },
    ],
    "seq": 52,
    "typ": "situation_revealed",
  },
  {
    "anotace": [
      {
        "detail": "„Bedna kanadské" — Vincenc Bartoš · Práh 3 = kotva 3 bez šumu.",
        "misto": "slot",
        "razitko": "PROŠLO",
        "slot_index": 0,
        "veta": "hodnota 4 proti prahu 3.",
      },
    ],
    "seq": 55,
    "typ": "slot_resolved",
  },
  {
    "anotace": [
      {
        "detail": "„Kněžský kolárek" — Vincenc Bartoš · Práh 2 = kotva 4 −2.",
        "misto": "slot",
        "razitko": "PROŠLO",
        "slot_index": 1,
        "veta": "improvizace 4 proti prahu 2.",
      },
    ],
    "seq": 56,
    "typ": "slot_resolved",
  },
  {
    "anotace": [
      {
        "detail": "„Kožená zástěra" — Vincenc Bartoš · Práh 3 = kotva 2 +1.",
        "misto": "slot",
        "razitko": "PROŠLO",
        "slot_index": 2,
        "veta": "obrana 4 proti prahu 3.",
      },
    ],
    "seq": 57,
    "typ": "slot_resolved",
  },
  {
    "anotace": [
      {
        "detail": "„Dědečkova brokovnice" — Vincenc Bartoš · Práh 2 = kotva 3 −1.",
        "misto": "slot",
        "razitko": "PROŠLO",
        "slot_index": 3,
        "veta": "útok 5 proti prahu 2.",
      },
    ],
    "seq": 58,
    "typ": "slot_resolved",
  },
  {
    "anotace": [
      {
        "detail": "Z toho, co tým committnul, se líp rozdělit nedalo — tohle bylo nejlepší možné.",
        "misto": "spis",
        "veta": "Pásmo 4/4 — hladce, ještě se něco našlo: 4 ze 4 slotů prošly.",
      },
    ],
    "seq": 59,
    "typ": "band_resolved",
  },
  {
    "anotace": [
      {
        "misto": "okraj",
        "veta": "Šerif postoupil o 1 na 3 — zbraň v akci. Ještě 1 pole k Zátahu.",
      },
    ],
    "seq": 60,
    "typ": "zar_move",
  },
  {
    "anotace": [
      {
        "misto": "okraj",
        "veta": "Kredity +3 (čistá práce 4 ze 4), zůstatek 12.",
      },
    ],
    "seq": 61,
    "typ": "credit_flow",
  },
  {
    "anotace": [
      {
        "misto": "okraj",
        "veta": "Tým zajel do motelu — léčení a směna stojí kredity, čas neběží.",
      },
    ],
    "seq": 62,
    "typ": "map_move",
  },
  {
    "anotace": [
      {
        "misto": "okraj",
        "veta": "Kredity −3 (směna věci v motelu), zůstatek 9.",
      },
    ],
    "seq": 63,
    "typ": "credit_flow",
  },
  {
    "anotace": [
      {
        "misto": "okraj",
        "veta": "Na výběr: dvě cesty — typ místa je vidět předem a rozhoduje o tom, jestli projde zbraň.",
      },
    ],
    "seq": 64,
    "typ": "map_move",
  },
  {
    "anotace": [
      {
        "misto": "okraj",
        "veta": "Cesta zvolena: Odstavený vagon v Peekskillu (lokace) — nikdo tě nešpehuje — zbraň projde i na očích.",
      },
    ],
    "seq": 65,
    "typ": "map_move",
  },
  {
    "anotace": [
      {
        "detail": "Commituje se naslepo: telegraf je jediné, co o situaci před commitem víš.",
        "misto": "spis",
        "veta": "Telegraf slibuje dvě viditelné role (improvizace, nástroj), dvě skryté role čekají na nejhorší. Zbraň tady projde i na očích. Ve skryté roli se ale zbraň vyplatí.",
      },
    ],
    "seq": 66,
    "typ": "telegraf_derived",
  },
  {
    "anotace": [
      {
        "detail": "Chce improvizaci · viditelná role · Kotva je stálá a naučitelná, šum se dorolí u každé instance zvlášť.",
        "misto": "slot",
        "slot_index": 0,
        "veta": "Proklouznout kolem: kotva 3, šum ±2 — přesný práh až po vyhodnocení.",
      },
      {
        "detail": "Chce nástroj · viditelná role · Kotva je stálá a naučitelná, šum se dorolí u každé instance zvlášť.",
        "misto": "slot",
        "slot_index": 1,
        "veta": "Vypáčit vagon: kotva 4, šum ±2 — výš než 5 práh nejde.",
      },
      {
        "detail": "Chce obranu · skrytá role — telegraf ji hlásil jen počtem · Kotva je stálá a naučitelná, šum se dorolí u každé instance zvlášť.",
        "misto": "slot",
        "slot_index": 2,
        "veta": "Ztuhnout ve stínu: kotva 2, šum ±2 — přesný práh až po vyhodnocení.",
      },
      {
        "detail": "Chce útok · skrytá role — telegraf ji hlásil jen počtem · Kotva je stálá a naučitelná, šum se dorolí u každé instance zvlášť.",
        "misto": "slot",
        "slot_index": 3,
        "veta": "Kdyby se probudil: kotva 3, šum ±2 — přesný práh až po vyhodnocení.",
      },
    ],
    "seq": 68,
    "typ": "situation_revealed",
  },
  {
    "anotace": [
      {
        "detail": "„Hovězí vývar" — Vincenc Bartoš · Práh 4 = kotva 3 +1.",
        "misto": "slot",
        "razitko": "PROŠLO",
        "slot_index": 0,
        "veta": "improvizace 4 proti prahu 4.",
      },
    ],
    "seq": 71,
    "typ": "slot_resolved",
  },
  {
    "anotace": [
      {
        "detail": "„Rezervní pneumatika" — Vincenc Bartoš · Práh 5 = kotva 4 +1.",
        "misto": "slot",
        "razitko": "NEPROŠLO",
        "slot_index": 1,
        "veta": "Chtělo to nástroj 5, „Rezervní pneumatika" má 4.",
      },
    ],
    "seq": 72,
    "typ": "slot_resolved",
  },
  {
    "anotace": [
      {
        "detail": "„Rodinné stříbro" — Vincenc Bartoš · Práh 4 = kotva 2 +2.",
        "misto": "slot",
        "razitko": "NEPROŠLO",
        "slot_index": 2,
        "veta": "Chtělo to obranu 4, „Rodinné stříbro" má 2.",
      },
    ],
    "seq": 73,
    "typ": "slot_resolved",
  },
  {
    "anotace": [
      {
        "detail": "„Mosazný boxer" — Vincenc Bartoš · Práh 5 = kotva 3 +2.",
        "misto": "slot",
        "razitko": "NEPROŠLO",
        "slot_index": 3,
        "veta": "Chtělo to útok 5, „Mosazný boxer" má 4.",
      },
    ],
    "seq": 74,
    "typ": "slot_resolved",
  },
  {
    "anotace": [
      {
        "detail": "Z toho, co tým committnul, se líp rozdělit nedalo — tohle bylo nejlepší možné.",
        "misto": "spis",
        "veta": "Pásmo ≤1/4 — průšvih: 1 ze 4 slotů prošel. Náklad ztrácí 1 bednu (zbývá 5).",
      },
    ],
    "seq": 75,
    "typ": "band_resolved",
  },
  {
    "anotace": [
      {
        "misto": "okraj",
        "veta": "Šerif postoupil o 1 na 4 — hlučné násilí (vysoký útok). Ještě 3 pole k léčky.",
      },
    ],
    "seq": 76,
    "typ": "zar_move",
  },
  {
    "anotace": [
      {
        "misto": "okraj",
        "veta": "Šerif postoupil o 2 na 6 — průšvih v uzlu. Ještě 1 pole k léčky.",
      },
    ],
    "seq": 77,
    "typ": "zar_move",
  },
  {
    "anotace": [
      {
        "detail": "do skryté role vlastník nic neprosadí; drží do vyléčení v motelu. Aktivních postihů: 1.",
        "misto": "spis",
        "veta": "Za ≤1/4 — průšvih: Vincenc Bartoš — Rozdrcená noha (těžký, zámkový).",
      },
    ],
    "seq": 78,
    "typ": "penalty_added",
  },
  {
    "anotace": [
      {
        "misto": "okraj",
        "veta": "Zátah: Žár překročil práh, jiná cesta než přes kontrolu není.",
      },
    ],
    "seq": 79,
    "typ": "map_move",
  },
  {
    "anotace": [
      {
        "misto": "okraj",
        "veta": "Cesta zvolena: Zátah na páté silnici (zátah) — jiná cesta není — zbraň projde.",
      },
    ],
    "seq": 80,
    "typ": "map_move",
  },
  {
    "anotace": [
      {
        "detail": "Commituje se naslepo: telegraf je jediné, co o situaci před commitem víš.",
        "misto": "spis",
        "veta": "Telegraf slibuje tři viditelné role (útok, nástroj, improvizace), jedna skrytá role čeká na nejhorší. Zbraň tady projde i na očích.",
      },
    ],
    "seq": 81,
    "typ": "telegraf_derived",
  },
  {
    "anotace": [
      {
        "detail": "Chce útok · viditelná role · Kotva je stálá a naučitelná, šum se dorolí u každé instance zvlášť.",
        "misto": "slot",
        "slot_index": 0,
        "veta": "Prorazit blokádu: kotva 4, šum ±2 — výš než 5 práh nejde.",
      },
      {
        "detail": "Chce nástroj · viditelná role · Kotva je stálá a naučitelná, šum se dorolí u každé instance zvlášť.",
        "misto": "slot",
        "slot_index": 1,
        "veta": "Strhnout do postranní: kotva 4, šum ±2 — výš než 5 práh nejde.",
      },
      {
        "detail": "Chce improvizaci · viditelná role · Kotva je stálá a naučitelná, šum se dorolí u každé instance zvlášť.",
        "misto": "slot",
        "slot_index": 2,
        "veta": "Zmizet v ulicích: kotva 4, šum ±2 — výš než 5 práh nejde.",
      },
      {
        "detail": "Chce obranu · skrytá role — telegraf ji hlásil jen počtem · Kotva je stálá a naučitelná, šum se dorolí u každé instance zvlášť.",
        "misto": "slot",
        "slot_index": 3,
        "veta": "Držet nervy u okna: kotva 3, šum ±2 — přesný práh až po vyhodnocení.",
      },
    ],
    "seq": 83,
    "typ": "situation_revealed",
  },
  {
    "anotace": [
      {
        "detail": "Tažení je naslepo, v ruce zbývalo kusů: 4. Sázka jde jednou za situaci. Tažená věc nevyšla — slot 2.",
        "misto": "spis",
        "veta": "Sázka: místo „Medvědí kožich" přišel „Petrolejová lampa" (ruka Vincenc Bartoš).",
      },
    ],
    "seq": 85,
    "typ": "gamble",
  },
  {
    "anotace": [
      {
        "detail": "„Uříznutá hlaveň" — Vincenc Bartoš · Práh 5 = kotva 4 +1.",
        "misto": "slot",
        "razitko": "NEPROŠLO",
        "slot_index": 0,
        "veta": "Chtělo to útok 5, „Uříznutá hlaveň" má 4.",
      },
    ],
    "seq": 87,
    "typ": "slot_resolved",
  },
  {
    "anotace": [
      {
        "detail": "„Petrolejová lampa" — Vincenc Bartoš · Práh 4 = kotva 4 bez šumu.",
        "misto": "slot",
        "razitko": "NEPROŠLO",
        "slot_index": 1,
        "veta": "Chtělo to nástroj 4, „Petrolejová lampa" má 3.",
      },
    ],
    "seq": 88,
    "typ": "slot_resolved",
  },
  {
    "anotace": [
      {
        "detail": "„Stříbrná placatka" — Vincenc Bartoš · Práh 2 = kotva 4 −2.",
        "misto": "slot",
        "razitko": "PROŠLO",
        "slot_index": 2,
        "veta": "improvizace 3 proti prahu 2.",
      },
    ],
    "seq": 89,
    "typ": "slot_resolved",
  },
  {
    "anotace": [
      {
        "detail": "„Balík bankovek" — Vincenc Bartoš · Zámkový postih je tvrdé pravidlo nad staty, stejná třída jako štítek. · Práh 1 = kotva 3 −2.",
        "misto": "slot",
        "odkaz": {
          "popis": "uzel 6 — Odstavený vagon v Peekskillu",
          "seq": 78,
        },
        "razitko": "NEPROŠLO",
        "slot_index": 3,
        "veta": "Rozdrcená noha — do skryté role nic neprosadíš, „Balík bankovek" propadá.",
      },
    ],
    "seq": 90,
    "typ": "slot_resolved",
  },
  {
    "anotace": [
      {
        "detail": "Z toho, co tým committnul, se líp rozdělit nedalo — tohle bylo nejlepší možné.",
        "misto": "spis",
        "veta": "Pásmo ≤1/4 — průšvih: 1 ze 4 slotů prošel. Náklad ztrácí 1 bednu (zbývá 4).",
      },
    ],
    "seq": 91,
    "typ": "band_resolved",
  },
  {
    "anotace": [
      {
        "misto": "okraj",
        "veta": "Šerif postoupil o 1 na 7 — zbraň v akci. Ještě 3 pole k konfrontace.",
      },
    ],
    "seq": 92,
    "typ": "zar_move",
  },
  {
    "anotace": [
      {
        "misto": "okraj",
        "veta": "Šerif postoupil o 2 na 9 — průšvih v uzlu. Ještě 1 pole k konfrontace.",
      },
    ],
    "seq": 93,
    "typ": "zar_move",
  },
  {
    "anotace": [
      {
        "detail": "vlastník vidí názvy věcí, ne jejich staty; drží do vyléčení v motelu. Aktivních postihů: 2.",
        "misto": "spis",
        "veta": "Za ≤1/4 — průšvih: Vincenc Bartoš — Otřes mozku (těžký, informační).",
      },
    ],
    "seq": 94,
    "typ": "penalty_added",
  },
  {
    "anotace": [
      {
        "detail": "Commituje se naslepo: telegraf je jediné, co o situaci před commitem víš.",
        "misto": "spis",
        "veta": "Telegraf slibuje tři viditelné role (improvizace, obrana, nástroj), jedna skrytá role čeká na nejhorší. Zbraň na očích neprojde. Ve skryté roli se ale zbraň vyplatí.",
      },
    ],
    "seq": 95,
    "typ": "telegraf_derived",
  },
  {
    "anotace": [
      {
        "detail": "Chce improvizaci · viditelná role · Kotva je stálá a naučitelná, šum se dorolí u každé instance zvlášť.",
        "misto": "slot",
        "slot_index": 0,
        "veta": "Zapřít totožnost: kotva 4, šum ±2 — výš než 5 práh nejde.",
      },
      {
        "detail": "Chce obranu · viditelná role · Kotva je stálá a naučitelná, šum se dorolí u každé instance zvlášť.",
        "misto": "slot",
        "slot_index": 1,
        "veta": "Nedat na sobě znát: kotva 4, šum ±2 — výš než 5 práh nejde.",
      },
      {
        "detail": "Chce nástroj · viditelná role · Kotva je stálá a naučitelná, šum se dorolí u každé instance zvlášť.",
        "misto": "slot",
        "slot_index": 2,
        "veta": "Objet ho stranou: kotva 4, šum ±2 — výš než 5 práh nejde.",
      },
      {
        "detail": "Chce útok · skrytá role — telegraf ji hlásil jen počtem · Kotva je stálá a naučitelná, šum se dorolí u každé instance zvlášť.",
        "misto": "slot",
        "slot_index": 3,
        "veta": "Kdyby sáhl po zbrani: kotva 3, šum ±2 — přesný práh až po vyhodnocení.",
      },
    ],
    "seq": 97,
    "typ": "situation_revealed",
  },
  {
    "anotace": [
      {
        "detail": "Tažení je naslepo, v ruce zbývalo kusů: 4. Sázka jde jednou za situaci. Tažená věc nevyšla — slot 2.",
        "misto": "spis",
        "veta": "Sázka: místo „Provaz a kladka" přišel „Dámský revolver" (ruka Vincenc Bartoš).",
      },
    ],
    "seq": 99,
    "typ": "gamble",
  },
  {
    "anotace": [
      {
        "detail": "„Zednická lžíce" — Vincenc Bartoš · Práh 3 = kotva 4 −1.",
        "misto": "slot",
        "razitko": "NEPROŠLO",
        "slot_index": 0,
        "veta": "Chtělo to improvizaci 3, „Zednická lžíce" má 1.",
      },
    ],
    "seq": 101,
    "typ": "slot_resolved",
  },
  {
    "anotace": [
      {
        "detail": "„Dámský revolver" — Vincenc Bartoš · Telegraf to hlásil předem: zbraň na očích tady neprojde. · Práh 3 = kotva 4 −1.",
        "misto": "slot",
        "razitko": "NEPROŠLO",
        "slot_index": 1,
        "veta": "„Dámský revolver" je zbraň ve viditelné roli — padá bez ohledu na staty.",
      },
    ],
    "seq": 102,
    "typ": "slot_resolved",
  },
  {
    "anotace": [
      {
        "detail": "„Slzy na povel" — Vincenc Bartoš · Práh 3 = kotva 4 −1.",
        "misto": "slot",
        "razitko": "NEPROŠLO",
        "slot_index": 2,
        "veta": "Chtělo to nástroj 3, „Slzy na povel" má 0.",
      },
    ],
    "seq": 103,
    "typ": "slot_resolved",
  },
  {
    "anotace": [
      {
        "detail": "„Páčidlo" — Vincenc Bartoš · Zámkový postih je tvrdé pravidlo nad staty, stejná třída jako štítek. · Práh 1 = kotva 3 −2.",
        "misto": "slot",
        "odkaz": {
          "popis": "uzel 6 — Odstavený vagon v Peekskillu",
          "seq": 78,
        },
        "razitko": "NEPROŠLO",
        "slot_index": 3,
        "veta": "Rozdrcená noha — do skryté role nic neprosadíš, „Páčidlo" propadá.",
      },
    ],
    "seq": 104,
    "typ": "slot_resolved",
  },
  {
    "anotace": [
      {
        "detail": "Optimální rozdělení TÉHOŽ commitu by dalo 2/4 (2/4 — s následky) — 2 zásahy zůstaly na stole.",
        "misto": "spis",
        "veta": "Pásmo ≤1/4 — průšvih: žádný ze 4 slotů neprošel. Náklad ztrácí 1 bednu (zbývá 3).",
      },
    ],
    "seq": 105,
    "typ": "band_resolved",
  },
  {
    "anotace": [
      {
        "misto": "okraj",
        "veta": "Šerif postoupil o 1 na 10 — zbraň v akci.",
      },
    ],
    "seq": 106,
    "typ": "zar_move",
  },
  {
    "anotace": [
      {
        "detail": "Smazáno (lehké): nic · Zůstává (těžké): Rozdrcená noha, Otřes mozku · Sloty jsou týmové, ne vlastníkovy — složení jen sníží počet committnutých karet, propadne stejný počet slotů jako neobsazené.",
        "misto": "spis",
        "veta": "Vincenc Bartoš se složil — třetí postih se nepřidává, postava kolo–dvě leží.",
      },
    ],
    "seq": 107,
    "typ": "character_folded",
  },
  {
    "anotace": [
      {
        "detail": "Commituje se naslepo: telegraf je jediné, co o situaci před commitem víš.",
        "misto": "spis",
        "veta": "Telegraf slibuje tři viditelné role (útok, obrana, improvizace), jedna skrytá role čeká na nejhorší. Zbraň tady projde i na očích. Ve skryté roli se ale zbraň vyplatí.",
      },
    ],
    "seq": 108,
    "typ": "telegraf_derived",
  },
  {
    "anotace": [
      {
        "detail": "Chce útok · viditelná role · Kotva je stálá a naučitelná, šum se dorolí u každé instance zvlášť.",
        "misto": "slot",
        "slot_index": 0,
        "veta": "Probít se ven: kotva 4, šum ±2 — výš než 5 práh nejde.",
      },
      {
        "detail": "Chce obranu · viditelná role · Kotva je stálá a naučitelná, šum se dorolí u každé instance zvlášť.",
        "misto": "slot",
        "slot_index": 1,
        "veta": "Ustát salvu: kotva 3, šum ±2 — přesný práh až po vyhodnocení.",
      },
      {
        "detail": "Chce improvizaci · viditelná role · Kotva je stálá a naučitelná, šum se dorolí u každé instance zvlášť.",
        "misto": "slot",
        "slot_index": 2,
        "veta": "Strhnout do pole: kotva 3, šum ±2 — přesný práh až po vyhodnocení.",
      },
      {
        "detail": "Chce útok · skrytá role — telegraf ji hlásil jen počtem · Kotva je stálá a naučitelná, šum se dorolí u každé instance zvlášť.",
        "misto": "slot",
        "slot_index": 3,
        "veta": "Krýt záda: kotva 3, šum ±2 — přesný práh až po vyhodnocení.",
      },
    ],
    "seq": 109,
    "typ": "situation_revealed",
  },
  {
    "anotace": [
      {
        "detail": "Do slotu se nedostala žádná věc: buď je postava složená, nebo měla postihem zmenšenou ruku a committnula míň karet. · Práh 5 = kotva 4 +2, zastropováno na 5.",
        "misto": "slot",
        "razitko": "NEPROŠLO",
        "slot_index": 0,
        "veta": "Slot nikdo neobsadil — automatický propad.",
      },
    ],
    "seq": 111,
    "typ": "slot_resolved",
  },
  {
    "anotace": [
      {
        "detail": "Do slotu se nedostala žádná věc: buď je postava složená, nebo měla postihem zmenšenou ruku a committnula míň karet. · Práh 1 = kotva 3 −2.",
        "misto": "slot",
        "razitko": "NEPROŠLO",
        "slot_index": 1,
        "veta": "Slot nikdo neobsadil — automatický propad.",
      },
    ],
    "seq": 112,
    "typ": "slot_resolved",
  },
  {
    "anotace": [
      {
        "detail": "Do slotu se nedostala žádná věc: buď je postava složená, nebo měla postihem zmenšenou ruku a committnula míň karet. · Práh 1 = kotva 3 −2.",
        "misto": "slot",
        "razitko": "NEPROŠLO",
        "slot_index": 2,
        "veta": "Slot nikdo neobsadil — automatický propad.",
      },
    ],
    "seq": 113,
    "typ": "slot_resolved",
  },
  {
    "anotace": [
      {
        "detail": "Do slotu se nedostala žádná věc: buď je postava složená, nebo měla postihem zmenšenou ruku a committnula míň karet. · Práh 3 = kotva 3 bez šumu.",
        "misto": "slot",
        "razitko": "NEPROŠLO",
        "slot_index": 3,
        "veta": "Slot nikdo neobsadil — automatický propad.",
      },
    ],
    "seq": 114,
    "typ": "slot_resolved",
  },
  {
    "anotace": [
      {
        "detail": "Z toho, co tým committnul, se líp rozdělit nedalo — tohle bylo nejlepší možné.",
        "misto": "spis",
        "veta": "Pásmo ≤1/4 — průšvih: žádný ze 4 slotů neprošel. Náklad ztrácí 1 bednu (zbývá 2).",
      },
    ],
    "seq": 115,
    "typ": "band_resolved",
  },
  {
    "anotace": [
      {
        "misto": "spis",
        "veta": "Vincenc Bartoš se vrací do hry a zase committuje.",
      },
    ],
    "seq": 116,
    "typ": "character_returned",
  },
  {
    "anotace": [
      {
        "detail": "Sloty 16 splnil / 12 propadl · postihy 2 · gamble 2× · složen 1× · ztracené bedny 3 · doručeno: ne.",
        "misto": "spis",
        "veta": "Tajný cíl Vincenc Bartoš: Ať v celém spisu nestojí, žes na někoho mířil zbraní na očích — a přesto dojedeš. — nesplněn.",
      },
    ],
    "seq": 117,
    "typ": "goal_scored",
  },
  {
    "anotace": [
      {
        "detail": "Uzlů 7 · zbývá beden 2 · konečný Žár 10 · kredity 9.",
        "misto": "spis",
        "veta": "Spis se uzavírá: NEVYŘEŠENO — prohraná konfrontace s pronásledovatelem.",
      },
    ],
    "seq": 118,
    "typ": "run_ended",
  },
]
`;
